../Core/Src/stm32g0xx_hal_msp.c:65:6:HAL_MspInit	8	static
../Core/Src/stm32g0xx_hal_msp.c:88:6:HAL_I2C_MspInit	64	static
../Core/Src/stm32g0xx_hal_msp.c:135:6:HAL_I2C_MspDeInit	8	static
../Core/Src/stm32g0xx_hal_msp.c:166:6:HAL_TIM_PWM_MspInit	8	static
../Core/Src/stm32g0xx_hal_msp.c:189:6:HAL_TIM_Base_MspInit	8	static
../Core/Src/stm32g0xx_hal_msp.c:206:6:HAL_TIM_MspPostInit	48	static
../Core/Src/stm32g0xx_hal_msp.c:268:6:HAL_TIM_PWM_MspDeInit	0	static
../Core/Src/stm32g0xx_hal_msp.c:290:6:HAL_TIM_Base_MspDeInit	0	static
